-----------------------------------------------------------------------------------------
      name:  <unnamed>
       log:  Z:\home\erick-fcs\Documentos\universidad\07_Ciclo\septimo_ciclo\applied_econ
> ometrics_2026\docs\vaults\u1-aa-01-applied-econometrics\ape2-crisis-iess\analysis_erick
> _condoy\logs/master_econometric_pipeline.log
  log type:  text
 opened on:  28 May 2026, 20:47:01

. 
. * 0.1 Instalación de Comandos Necesarios
. foreach cmd in zandrews ardl estout krls {
  2.     capture which `cmd'
  3.     if _rc ssc install `cmd'
  4. }

. 
. * 2. Ingesta y Preparación de Datos
. local dta_file "data/base_analisis.dta"

. local csv_file "data/base_analisis.csv"

. 
. capture use "`dta_file'", clear

. if _rc {
.     di ">>> Base .dta no encontrada. Intentando importar .csv..."
.     capture import delimited "`csv_file'", clear
.     if _rc {
.         di ">>> Error Crítico: No se encontró ni .dta ni .csv en data/."
.         exit 199
.     }
.     save "`dta_file'", replace
.     di ">>> Base convertida y guardada en formato .dta para mayor velocidad."
. }

. tsset anio

Time variable: anio, 1990 to 2024
        Delta: 1 unit

. 
. * 3. Transformaciones Logarítmicas
. capture drop AF GM MI HO FL

. gen AF = ln(afiliados_iess)

. gen GM = gasto_militar_pib

. gen MI = migracion_neta

. gen HO = ln(tasa_homicidios)

. gen FL = ln(fuerza_laboral)

. 
. * Etiquetado profesional
. label variable AF "Log Afiliados IESS"

. label variable GM "Gasto Militar (% del PIB)"

. label variable MI "Migración Neta"

. label variable HO "Log Tasa Homicidios"

. label variable FL "Log Fuerza Laboral"

. 
. * ----------------------------------------------------------------------------
. * SECCIÓN 1: ANÁLISIS DESCRIPTIVO Y VISUALIZACIÓN (@tbl-resumen, @tbl-vif, @fig-tendenc
> ias)
. * ----------------------------------------------------------------------------
. 
. * 1.1 Estadísticos Descriptivos
. di as text "{hline}"
-----------------------------------------------------------------------------------------

. di as res "ESTADÍSTICOS DESCRIPTIVOS (@tbl-resumen)"
ESTADÍSTICOS DESCRIPTIVOS (@tbl-resumen)

. di as text "{hline}"
-----------------------------------------------------------------------------------------

. summarize AF GM MI HO FL, detail

                     Log Afiliados IESS
-------------------------------------------------------------
      Percentiles      Smallest
 1%       13.742         13.742
 5%     13.77238       13.77238
10%     13.85348        13.8177       Obs                  35
25%     14.04227       13.85348       Sum of wgt.          35

50%     14.34739                      Mean           14.49695
                        Largest       Std. dev.      .5159864
75%     15.07652       15.13328
90%     15.13328       15.13968       Variance        .266242
95%     15.14535       15.14535       Skewness       .0865781
99%     15.14929       15.14929       Kurtosis       1.352432

                  Gasto Militar (% del PIB)
-------------------------------------------------------------
      Percentiles      Smallest
 1%     1.213305       1.213305
 5%     1.271472       1.271472
10%     1.351222       1.315691       Obs                  35
25%     1.689725       1.351222       Sum of wgt.          35

50%     2.221948                      Mean           2.183339
                        Largest       Std. dev.      .5559983
75%     2.627951       2.951815
90%     2.951815       3.072574       Variance       .3091341
95%     3.106474       3.106474       Skewness      -.0204731
99%       3.2432         3.2432       Kurtosis       2.144335

                       Migración Neta
-------------------------------------------------------------
      Percentiles      Smallest
 1%       -47287         -47287
 5%       -46082         -46082
10%       -44399         -45201       Obs                  35
25%       -35275         -44399       Sum of wgt.          35

50%       -20940                      Mean           -13606.2
                        Largest       Std. dev.       31691.4
75%        -8167          35461
90%        35461          53707       Variance       1.00e+09
95%        54921          54921       Skewness       1.699622
99%        95482          95482       Kurtosis       5.950768

                     Log Tasa Homicidios
-------------------------------------------------------------
      Percentiles      Smallest
 1%     1.755745       1.755745
 5%     1.759634       1.759634
10%     1.864869       1.763029       Obs                  35
25%     2.142016       1.864869       Sum of wgt.          35

50%     2.552723                      Mean           2.522243
                        Largest       Std. dev.      .4907787
75%     2.729206       2.884049
90%     2.884049       3.311004       Variance       .2408638
95%     3.822597       3.822597       Skewness        .727501
99%     3.822597       3.822597       Kurtosis       3.989334

                     Log Fuerza Laboral
-------------------------------------------------------------
      Percentiles      Smallest
 1%     15.21274       15.21274
 5%     15.24333       15.24333
10%     15.29503       15.26967       Obs                  35
25%     15.46341       15.29503       Sum of wgt.          35

50%     15.67959                      Mean           15.63942
                        Largest       Std. dev.      .2401969
75%     15.86362       15.96701
90%     15.96701       15.97836       Variance       .0576946
95%     15.98339       15.98339       Skewness      -.1408586
99%     15.99504       15.99504       Kurtosis       1.859361

. 
. * 1.2 Auditoría de Multicolinealidad (@tbl-vif)
. regress AF GM MI HO FL

      Source |       SS           df       MS      Number of obs   =        35
-------------+----------------------------------   F(4, 30)        =    103.34
       Model |  8.43970037         4  2.10992509   Prob > F        =    0.0000
    Residual |  .612527516        30  .020417584   R-squared       =    0.9323
-------------+----------------------------------   Adj R-squared   =    0.9233
       Total |  9.05222789        34  .266241997   Root MSE        =    .14289

------------------------------------------------------------------------------
          AF | Coefficient  Std. err.      t    P>|t|     [95% conf. interval]
-------------+----------------------------------------------------------------
          GM |   .1109337   .0595718     1.86   0.072     -.010728    .2325955
          MI |  -1.54e-06   1.50e-06    -1.02   0.314    -4.60e-06    1.53e-06
          HO |  -.1962016   .0759414    -2.58   0.015    -.3512945   -.0411086
          FL |   2.072239   .1934802    10.71   0.000     1.677099    2.467378
       _cons |   -17.6799   2.881841    -6.13   0.000    -23.56541    -11.7944
------------------------------------------------------------------------------

. estat vif

    Variable |       VIF       1/VIF  
-------------+----------------------
          MI |      3.76    0.265795
          FL |      3.60    0.278046
          HO |      2.31    0.432312
          GM |      1.83    0.547391
-------------+----------------------
    Mean VIF |      2.87

. 
. * 1.3 Visualización de Tendencias en un Solo Panel (@fig-tendencias)
. * Calcular índices Base 100 en 1990 para variables de escala positiva.
. * Para la Migración Neta, aplicamos normalización Min-Max [0, 100].
. 
. quietly summarize afiliados_iess if anio == 1990

. local af_1990 = r(mean)

. gen af_idx = (afiliados_iess / `af_1990') * 100

. 
. quietly summarize fuerza_laboral if anio == 1990

. local fl_1990 = r(mean)

. gen fl_idx = (fuerza_laboral / `fl_1990') * 100

. 
. quietly summarize gasto_militar_pib if anio == 1990

. local gm_1990 = r(mean)

. gen gm_idx = (gasto_militar_pib / `gm_1990') * 100

. 
. quietly summarize tasa_homicidios if anio == 1990

. local ho_1990 = r(mean)

. gen ho_idx = (tasa_homicidios / `ho_1990') * 100

. 
. quietly summarize migracion_neta

. local mi_min = r(min)

. local mi_max = r(max)

. gen mi_idx = ((migracion_neta - `mi_min') / (`mi_max' - `mi_min')) * 100

. 
. set scheme s1color

. 
. twoway (line af_idx anio, lcolor(navy) lwidth(thick)) ///
>        (line fl_idx anio, lcolor(purple) lwidth(medium) lpattern(dash)) ///
>        (line gm_idx anio, lcolor(orange) lwidth(medium) lpattern(dash_dot)) ///
>        (line ho_idx anio, lcolor(red) lwidth(thick)) ///
>        (line mi_idx anio, lcolor(teal) lwidth(medium) lpattern(shortdash)), ///
>        title("Trayectoria Longitudinal Homogénea de las Series (1990-2024)", size(small
> ) color(black)) ///
>        ytitle("Índice de Evolución Relativa (Base 100 = 1990)", size(vsmall)) ///
>        xtitle("Año", size(vsmall)) ///
>        xlabel(1990(5)2024, labsize(vsmall)) ylabel(, labsize(vsmall)) ///
>        xline(2000, lcolor(gs12) lpattern(dot)) ///
>        xline(2008, lcolor(gs12) lpattern(dot)) ///
>        xline(2014, lcolor(gs12) lpattern(dot)) ///
>        xline(2020, lcolor(gs12) lpattern(dot)) ///
>        legend(order(1 "Afiliados IESS" 2 "Fuerza Laboral" 3 "Gasto Militar % PIB" 4 "Ta
> sa de Homicidios" 5 "Migración Neta (Min-Max)") size(vsmall) pos(6) cols(2) ring(1)) //
> /
>        note("Fuente: Anuarios Estadísticos del IESS, Banco Mundial (WDI). Elaboración p
> ropia.", size(tiny) color(gs10)) ///
>        graphregion(color(white)) plotregion(color(white))

. 
. graph export "assets/fig-tendencias-stata.png", replace width(3200)
file assets/fig-tendencias-stata.png saved as PNG format

. 
. * ----------------------------------------------------------------------------
. * SECCIÓN 2: DIAGNÓSTICO DINÁMICO (@tbl-rezagos, @tbl-granger, @tbl-johansen)
. * ----------------------------------------------------------------------------
. 
. * 2.1 Selección de Rezagos Óptimos
. di _newline(2) ">>> TABLA: SELECCIÓN DE REZAGOS <<<"


>>> TABLA: SELECCIÓN DE REZAGOS <<<

. varsoc AF GM MI HO FL

Lag-order selection criteria

   Sample: 1994 thru 2024                                   Number of obs = 31
  +---------------------------------------------------------------------------+
  | Lag |    LL      LR      df    p     FPE       AIC      HQIC      SBIC    |
  |-----+---------------------------------------------------------------------|
  |   0 | -358.449                     10499.4   23.4483   23.5237   23.6796  |
  |   1 | -184.282  348.33   25  0.000 .711776   13.8247    14.277   15.2124  |
  |   2 |   -134.3  99.965   25  0.000 .162806   12.2129   13.0422   14.7571  |
  |   3 | -89.1961  90.208   25  0.000 .065591   10.9159   12.1222   14.6165  |
  |   4 | -31.0687  116.25*  25  0.000 .019416*  8.77862*  10.3619*  13.6357* |
  +---------------------------------------------------------------------------+
   * optimal lag
   Endogenous: AF GM MI HO FL
    Exogenous: _cons

. 
. * 2.2 Estimación VAR (Lag 4)
. var AF GM MI HO FL, lags(1/4)

Vector autoregression

Sample: 1994 thru 2024                          Number of obs     =         31
Log likelihood =  -31.06867                     AIC               =   8.778624
FPE            =   .0194159                     HQIC              =    10.3619
Det(Sigma_ml)  =   5.11e-06                     SBIC              =   13.63568

Equation           Parms      RMSE     R-sq      chi2     P>chi2
----------------------------------------------------------------
AF                   21     .033137   0.9984    19247.3   0.0000
GM                   21     .126673   0.9778   1362.863   0.0000
MI                   21     10017.6   0.9691   973.6815   0.0000
HO                   21     .096055   0.9880   2543.557   0.0000
FL                   21     .015216   0.9982   17256.85   0.0000
----------------------------------------------------------------

------------------------------------------------------------------------------
             | Coefficient  Std. err.      z    P>|z|     [95% conf. interval]
-------------+----------------------------------------------------------------
AF           |
          AF |
         L1. |   1.209882   .1760835     6.87   0.000     .8647648    1.554999
         L2. |   .0179924   .2376205     0.08   0.940    -.4477351      .48372
         L3. |    -.07381   .2422521    -0.30   0.761    -.5486153    .4009954
         L4. |  -.2175131   .1667287    -1.30   0.192    -.5442952    .1092691
             |
          GM |
         L1. |  -.0302902   .0221665    -1.37   0.172    -.0737358    .0131554
         L2. |   .0533005   .0201751     2.64   0.008     .0137581    .0928428
         L3. |  -.0101117    .024123    -0.42   0.675    -.0573919    .0371684
         L4. |   -.097119   .0292765    -3.32   0.001    -.1544999   -.0397382
             |
          MI |
         L1. |   5.15e-07   4.90e-07     1.05   0.293    -4.46e-07    1.48e-06
         L2. |  -1.49e-06   4.74e-07    -3.14   0.002    -2.42e-06   -5.59e-07
         L3. |   1.77e-07   8.55e-07     0.21   0.836    -1.50e-06    1.85e-06
         L4. |   1.19e-06   6.39e-07     1.87   0.062    -5.90e-08    2.44e-06
             |
          HO |
         L1. |   -.034818   .0482202    -0.72   0.470    -.1293278    .0596918
         L2. |  -.0756543   .0772114    -0.98   0.327     -.226986    .0756773
         L3. |   .0737129   .0571348     1.29   0.197    -.0382691     .185695
         L4. |   .0989225   .0420559     2.35   0.019     .0164945    .1813504
             |
          FL |
         L1. |  -.7752481    .269603    -2.88   0.004     -1.30366   -.2468361
         L2. |   .8777715   .2877162     3.05   0.002      .313858    1.441685
         L3. |    .562039   .3209216     1.75   0.080    -.0669558    1.191034
         L4. |   -.371445   .2187391    -1.70   0.089    -.8001658    .0572758
             |
       _cons |  -3.597483   2.664858    -1.35   0.177    -8.820509    1.625543
-------------+----------------------------------------------------------------
GM           |
          AF |
         L1. |   5.398207   .6731191     8.02   0.000     4.078918    6.717496
         L2. |  -2.036098   .9083582    -2.24   0.025    -3.816447   -.2557482
         L3. |   .6513275   .9260636     0.70   0.482    -1.163724    2.466379
         L4. |  -4.708007   .6373582    -7.39   0.000    -5.957206   -3.458808
             |
          GM |
         L1. |  -.2456086   .0847366    -2.90   0.004    -.4116893   -.0795279
         L2. |   .3324317   .0771237     4.31   0.000      .181272    .4835914
         L3. |  -.5346345   .0922156    -5.80   0.000    -.7153737   -.3538953
         L4. |  -.6664455   .1119161    -5.95   0.000     -.885797   -.4470941
             |
          MI |
         L1. |  -7.12e-06   1.87e-06    -3.80   0.000    -.0000108   -3.45e-06
         L2. |  -1.80e-06   1.81e-06    -0.99   0.320    -5.35e-06    1.75e-06
         L3. |  -4.90e-06   3.27e-06    -1.50   0.134    -.0000113    1.51e-06
         L4. |  -8.76e-06   2.44e-06    -3.59   0.000    -.0000135   -3.98e-06
             |
          HO |
         L1. |  -.5741448   .1843325    -3.11   0.002      -.93543   -.2128597
         L2. |  -.8671074   .2951583    -2.94   0.003    -1.445607   -.2886078
         L3. |   .4204719   .2184106     1.93   0.054    -.0076049    .8485488
         L4. |   .4652567   .1607681     2.89   0.004     .1501571    .7803564
             |
          FL |
         L1. |  -.4933896   1.030619    -0.48   0.632    -2.513365    1.526586
         L2. |    1.61559   1.099861     1.47   0.142    -.5400978    3.771277
         L3. |   1.561485   1.226796     1.27   0.203    -.8429907    3.965961
         L4. |   5.189963     .83618     6.21   0.000      3.55108    6.828846
             |
       _cons |  -107.5307   10.18703   -10.56   0.000    -127.4969   -87.56447
-------------+----------------------------------------------------------------
MI           |
          AF |
         L1. |   176284.4   53231.59     3.31   0.001     71952.42    280616.4
         L2. |  -49476.59   71834.76    -0.69   0.491    -190270.1    91316.95
         L3. |  -233394.2   73234.94    -3.19   0.001      -376932   -89856.33
         L4. |    94340.4   50403.54     1.87   0.061    -4448.732    193129.5
             |
          GM |
         L1. |  -2154.631   6701.138    -0.32   0.748    -15288.62    10979.36
         L2. |   15756.26   6099.096     2.58   0.010     3802.251    27710.27
         L3. |  -9138.726   7292.589    -1.25   0.210    -23431.94    5154.485
         L4. |  -33930.02   8850.544    -3.83   0.000    -51276.77   -16583.28
             |
          MI |
         L1. |   .1962019   .1481512     1.32   0.185    -.0941692     .486573
         L2. |  -.7906952   .1433166    -5.52   0.000    -1.071591   -.5097998
         L3. |   -.665169   .2585801    -2.57   0.010    -1.171977   -.1583614
         L4. |  -.0394629   .1930398    -0.20   0.838     -.417814    .3388882
             |
          HO |
         L1. |  -68932.76   14577.38    -4.73   0.000     -97503.9   -40361.61
         L2. |  -66814.29    23341.7    -2.86   0.004    -112563.2   -21065.39
         L3. |   48390.04   17272.34     2.80   0.005     14536.87     82243.2
         L4. |   11485.19   12713.86     0.90   0.366    -13433.51    36403.89
             |
          FL |
         L1. |  -171254.9   81503.35    -2.10   0.036    -330998.6   -11511.28
         L2. |   353320.7   86979.15     4.06   0.000     182844.7    523796.8
         L3. |     390861   97017.44     4.03   0.000     200710.3    581011.7
         L4. |  -224194.6   66126.77    -3.39   0.001    -353800.7    -94588.5
             |
       _cons |   -5056767   805610.1    -6.28   0.000     -6635734    -3477800
-------------+----------------------------------------------------------------
HO           |
          AF |
         L1. |   -.613476   .5104217    -1.20   0.229    -1.613884    .3869322
         L2. |  -.4416366    .688802    -0.64   0.521    -1.791664    .9083905
         L3. |   1.403857   .7022279     2.00   0.046      .027516    2.780199
         L4. |  -.8412268   .4833045    -1.74   0.082    -1.788486    .1060326
             |
          GM |
         L1. |  -.0025549   .0642552    -0.04   0.968    -.1284927     .123383
         L2. |  -.1394057   .0584824    -2.38   0.017    -.2540291   -.0247823
         L3. |  -.0619151   .0699264    -0.89   0.376    -.1989684    .0751382
         L4. |   .0602614   .0848652     0.71   0.478    -.1060714    .2265942
             |
          MI |
         L1. |   1.16e-06   1.42e-06     0.82   0.414    -1.62e-06    3.95e-06
         L2. |  -3.80e-06   1.37e-06    -2.76   0.006    -6.49e-06   -1.10e-06
         L3. |   5.73e-06   2.48e-06     2.31   0.021     8.74e-07    .0000106
         L4. |   3.65e-06   1.85e-06     1.97   0.049     1.74e-08    7.27e-06
             |
          HO |
         L1. |    .783989   .1397781     5.61   0.000     .5100289    1.057949
         L2. |    .519026   .2238166     2.32   0.020     .0803535    .9576984
         L3. |  -.2283838   .1656193    -1.38   0.168    -.5529917     .096224
         L4. |  -.1609469   .1219094    -1.32   0.187    -.3998849     .077991
             |
          FL |
         L1. |   1.351208   .7815113     1.73   0.084    -.1805259    2.882942
         L2. |   .4874753   .8340171     0.58   0.559    -1.147168    2.122119
         L3. |  -2.685555   .9302712    -2.89   0.004    -4.508853   -.8622572
         L4. |    1.52342   .6340698     2.40   0.016     .2806657    2.766173
             |
       _cons |  -2.777378   7.724754    -0.36   0.719    -17.91762    12.36286
-------------+----------------------------------------------------------------
FL           |
          AF |
         L1. |   .1115644   .0808548     1.38   0.168    -.0469082     .270037
         L2. |  -.1099464   .1091117    -1.01   0.314    -.3238014    .1039086
         L3. |   .1126647   .1112385     1.01   0.311    -.1053587    .3306881
         L4. |   .0275592   .0765593     0.36   0.719    -.1224942    .1776126
             |
          GM |
         L1. |    .007517   .0101785     0.74   0.460    -.0124325    .0274666
         L2. |  -.0300892   .0092641    -3.25   0.001    -.0482465    -.011932
         L3. |  -.0258101   .0110769    -2.33   0.020    -.0475204   -.0040997
         L4. |  -.0296449   .0134433    -2.21   0.027    -.0559934   -.0032965
             |
          MI |
         L1. |   4.16e-07   2.25e-07     1.85   0.065    -2.55e-08    8.57e-07
         L2. |  -2.18e-06   2.18e-07   -10.02   0.000    -2.61e-06   -1.75e-06
         L3. |   2.72e-06   3.93e-07     6.92   0.000     1.95e-06    3.49e-06
         L4. |  -7.85e-07   2.93e-07    -2.68   0.007    -1.36e-06   -2.10e-07
             |
          HO |
         L1. |  -.1394908    .022142    -6.30   0.000    -.1828883   -.0960934
         L2. |   .1828678   .0354543     5.16   0.000     .1133786     .252357
         L3. |   .0360431   .0262354     1.37   0.169    -.0153773    .0874636
         L4. |  -.0161095   .0193114    -0.83   0.404    -.0539591    .0217402
             |
          FL |
         L1. |   1.026296   .1237976     8.29   0.000     .7836569    1.268934
         L2. |   .2842829   .1321149     2.15   0.031     .0253425    .5432234
         L3. |  -.3768217   .1473623    -2.56   0.011    -.6656465   -.0879968
         L4. |  -.0694729   .1004417    -0.69   0.489     -.266335    .1273892
             |
       _cons |   .1050396   1.223662     0.09   0.932    -2.293294    2.503374
------------------------------------------------------------------------------

. 
. * 2.3 Causalidad de Granger y Bloque de Exogeneidad
. di _newline(2) ">>> TABLA: CAUSALIDAD DE GRANGER (Wald Tests) <<<"


>>> TABLA: CAUSALIDAD DE GRANGER (Wald Tests) <<<

. vargranger

   Granger causality Wald tests
  +------------------------------------------------------------------+
  |          Equation           Excluded |   chi2     df Prob > chi2 |
  |--------------------------------------+---------------------------|
  |                AF                 GM |  14.768     4    0.005    |
  |                AF                 MI |  22.252     4    0.000    |
  |                AF                 HO |  12.785     4    0.012    |
  |                AF                 FL |  13.807     4    0.008    |
  |                AF                ALL |  81.767    16    0.000    |
  |--------------------------------------+---------------------------|
  |                GM                 AF |  150.17     4    0.000    |
  |                GM                 MI |  32.076     4    0.000    |
  |                GM                 HO |  55.141     4    0.000    |
  |                GM                 FL |  99.467     4    0.000    |
  |                GM                ALL |  281.46    16    0.000    |
  |--------------------------------------+---------------------------|
  |                MI                 AF |  24.851     4    0.000    |
  |                MI                 GM |  21.085     4    0.000    |
  |                MI                 HO |  66.097     4    0.000    |
  |                MI                 FL |  62.861     4    0.000    |
  |                MI                ALL |  143.41    16    0.000    |
  |--------------------------------------+---------------------------|
  |                HO                 AF |  9.4008     4    0.052    |
  |                HO                 GM |  8.0215     4    0.091    |
  |                HO                 MI |  43.682     4    0.000    |
  |                HO                 FL |  14.712     4    0.005    |
  |                HO                ALL |  157.67    16    0.000    |
  |--------------------------------------+---------------------------|
  |                FL                 AF |  23.308     4    0.000    |
  |                FL                 GM |  33.557     4    0.000    |
  |                FL                 MI |  149.78     4    0.000    |
  |                FL                 HO |  56.473     4    0.000    |
  |                FL                ALL |  312.74    16    0.000    |
  +------------------------------------------------------------------+

. di "Nota: El test 'ALL' representa la Causalidad de Bloque (Block Exogeneity)."
Nota: El test 'ALL' representa la Causalidad de Bloque (Block Exogeneity).

. 
. * 2.4 Cointegración de Johansen (Rango)
. di _newline(2) ">>> TABLA: COINTEGRACIÓN DE JOHANSEN (Traza) <<<"


>>> TABLA: COINTEGRACIÓN DE JOHANSEN (Traza) <<<

. vecrank AF GM MI HO FL, trend(constant)

Johansen tests for cointegration
Trend: Constant                            Number of obs  = 33
Sample: 1992 thru 2024                     Number of lags =  2
--------------------------------------------------------------
                                                      Critical
Maximum                                        Trace     value
   rank  Params           LL  Eigenvalue   statistic        5%
      0      30   -198.50455           .     99.4061     68.52
      1      39   -173.95692     0.77412     50.3108     47.21
      2      46    -162.4709     0.50149     27.3388*    29.68
      3      51   -154.73941     0.37411     11.8758     15.41
      4      54   -149.06763     0.29089      0.5322      3.76
      5      55   -148.80151     0.01600
--------------------------------------------------------------
* selected rank

. 
. * 2.5 Modelo VEC (Vector Error Correction) y Diagnósticos (G. Johansen)
. di _newline(2) ">>> ESTIMACIÓN DEL MODELO VEC (r=2) <<<"


>>> ESTIMACIÓN DEL MODELO VEC (r=2) <<<

. vec AF GM MI HO FL, rank(2) lags(4)

Vector error-correction model

Sample: 1994 thru 2024                          Number of obs     =         31
                                                AIC               =   9.759635
Log likelihood = -55.27434                      HQIC              =    11.2072
Det(Sigma_ml)  =  .0000243                      SBIC              =   14.20037

Equation           Parms      RMSE     R-sq      chi2     P>chi2
----------------------------------------------------------------
D_AF                 18     .034624   0.8721   81.81596   0.0000
D_GM                 18     .111927   0.9333   167.8817   0.0000
D_MI                 18     11343.1   0.8183   54.05311   0.0000
D_HO                 18     .099545   0.9138   127.2172   0.0000
D_FL                 18     .017933   0.9042   113.2331   0.0000
----------------------------------------------------------------

------------------------------------------------------------------------------
             | Coefficient  Std. err.      z    P>|z|     [95% conf. interval]
-------------+----------------------------------------------------------------
D_AF         |
        _ce1 |
         L1. |  -.0333769    .022681    -1.47   0.141    -.0778308    .0110771
             |
        _ce2 |
         L1. |   -.097269   .0655997    -1.48   0.138     -.225842    .0313041
             |
          AF |
         LD. |   .4763237   .2741098     1.74   0.082    -.0609217    1.013569
        L2D. |   .3897802   .3419163     1.14   0.254    -.2803635    1.059924
        L3D. |   .2097779   .2801642     0.75   0.454    -.3393339    .7588897
             |
          GM |
         LD. |   .0624103   .0475897     1.31   0.190    -.0308638    .1556845
        L2D. |   .1237386   .0427167     2.90   0.004     .0400154    .2074619
        L3D. |    .111099   .0406258     2.73   0.006      .031474    .1907241
             |
          MI |
         LD. |   1.31e-06   9.83e-07     1.33   0.183    -6.19e-07    3.23e-06
        L2D. |  -4.10e-07   1.04e-06    -0.39   0.693    -2.45e-06    1.63e-06
        L3D. |  -2.45e-07   1.11e-06    -0.22   0.826    -2.43e-06    1.94e-06
             |
          HO |
         LD. |   -.008784   .0893989    -0.10   0.922    -.1840027    .1664346
        L2D. |  -.1300536    .083207    -1.56   0.118    -.2931362    .0330291
        L3D. |  -.0661197   .0652122    -1.01   0.311    -.1939333    .0616939
             |
          FL |
         LD. |  -1.244697   .5844863    -2.13   0.033    -2.390269   -.0991244
        L2D. |  -.4450352   .5225595    -0.85   0.394    -1.469233    .5791625
        L3D. |    .186108   .3828674     0.49   0.627    -.5642984    .9365143
             |
       _cons |   .0341036   .0316146     1.08   0.281    -.0278599    .0960671
-------------+----------------------------------------------------------------
D_GM         |
        _ce1 |
         L1. |  -.6905276   .0733205    -9.42   0.000     -.834233   -.5468221
             |
        _ce2 |
         L1. |   -2.11484   .2120629    -9.97   0.000    -2.530476   -1.699204
             |
          AF |
         LD. |   5.938631   .8861099     6.70   0.000     4.201888    7.675375
        L2D. |   3.968608   1.105307     3.59   0.000     1.802246    6.134969
        L3D. |   4.685204   .9056818     5.17   0.000     2.910101    6.460308
             |
          GM |
         LD. |   .8698089   .1538424     5.65   0.000     .5682833    1.171335
        L2D. |    1.19618   .1380896     8.66   0.000     .9255292     1.46683
        L3D. |   .6615086   .1313303     5.04   0.000      .404106    .9189112
             |
          MI |
         LD. |   .0000145   3.18e-06     4.55   0.000     8.24e-06    .0000207
        L2D. |   .0000128   3.36e-06     3.82   0.000     6.26e-06    .0000194
        L3D. |   8.08e-06   3.60e-06     2.24   0.025     1.02e-06    .0000151
             |
          HO |
         LD. |  -.0991954   .2889982    -0.34   0.731    -.6656215    .4672307
        L2D. |  -.9289266   .2689816    -3.45   0.001    -1.456121   -.4017323
        L3D. |  -.4966007   .2108104    -2.36   0.018    -.9097815   -.0834198
             |
          FL |
         LD. |  -8.185721   1.889458    -4.33   0.000    -11.88899    -4.48245
        L2D. |  -6.523975   1.689269    -3.86   0.000    -9.834881    -3.21307
        L3D. |  -5.031127   1.237689    -4.06   0.000    -7.456952   -2.605302
             |
       _cons |  -.0117437   .1021999    -0.11   0.909    -.2120519    .1885645
-------------+----------------------------------------------------------------
D_MI         |
        _ce1 |
         L1. |  -17317.79   7430.554    -2.33   0.020     -31881.4   -2754.167
             |
        _ce2 |
         L1. |  -6511.999   21491.21    -0.30   0.762    -48633.99    35609.99
             |
          AF |
         LD. |   82931.55    89801.5     0.92   0.356    -93076.15    258939.3
        L2D. |   84075.86   112015.7     0.75   0.453    -135470.8    303622.6
        L3D. |  -71492.08   91784.99    -0.78   0.436    -251387.4    108403.2
             |
          GM |
         LD. |   3640.151   15590.93     0.23   0.815    -26917.52    34197.82
        L2D. |   12036.49   13994.49     0.86   0.390     -15392.2    39465.18
        L3D. |   14881.22   13309.47     1.12   0.264    -11204.87    40967.31
             |
          MI |
         LD. |   1.027931   .3220254     3.19   0.001     .3967732     1.65909
        L2D. |    .327485   .3405647     0.96   0.336    -.3400097    .9949796
        L3D. |  -.0279137   .3647199    -0.08   0.939    -.7427515    .6869241
             |
          HO |
         LD. |   7211.622    29288.1     0.25   0.806       -50192    64615.24
        L2D. |  -45045.39   27259.54    -1.65   0.098    -98473.12    8382.334
        L3D. |  -25541.93   21364.27    -1.20   0.232    -67415.13    16331.27
             |
          FL |
         LD. |  -303067.8   191484.4    -1.58   0.113    -678370.3    72234.67
        L2D. |  -62467.12   171196.4    -0.36   0.715      -398006    273071.7
        L3D. |   227680.6   125431.7     1.82   0.069    -18161.05    473522.3
             |
       _cons |  -.0048378    10357.3    -0.00   1.000    -20299.94    20299.93
-------------+----------------------------------------------------------------
D_HO         |
        _ce1 |
         L1. |   .0514933   .0652093     0.79   0.430    -.0763145    .1793012
             |
        _ce2 |
         L1. |  -.2854934   .1886032    -1.51   0.130    -.6551489    .0841621
             |
          AF |
         LD. |  -.3557475   .7880829    -0.45   0.652    -1.900362    1.188867
        L2D. |  -.9580166   .9830308    -0.97   0.330    -2.884722    .9686885
        L3D. |   .3349581   .8054897     0.42   0.678    -1.243773    1.913689
             |
          GM |
         LD. |   .2193158   .1368234     1.60   0.109    -.0488531    .4874848
        L2D. |   .0605228   .1228133     0.49   0.622    -.1801868    .3012324
        L3D. |  -.0017383   .1168017    -0.01   0.988    -.2306654    .2271889
             |
          MI |
         LD. |  -8.32e-06   2.83e-06    -2.94   0.003    -.0000139   -2.78e-06
        L2D. |   -.000012   2.99e-06    -4.01   0.000    -.0000178   -6.13e-06
        L3D. |  -2.61e-06   3.20e-06    -0.82   0.414    -8.89e-06    3.66e-06
             |
          HO |
         LD. |  -.3495883   .2570275    -1.36   0.174    -.8533528    .1541763
        L2D. |   .2463225   .2392252     1.03   0.303    -.2225502    .7151953
        L3D. |   .0032722   .1874893     0.02   0.986    -.3641999    .3707444
             |
          FL |
         LD. |   2.261499   1.680435     1.35   0.178    -1.032093     5.55509
        L2D. |   2.052626   1.502391     1.37   0.172     -.892007    4.997258
        L3D. |  -1.259245   1.100768    -1.14   0.253     -3.41671    .8982204
             |
       _cons |   .0615202   .0908939     0.68   0.499    -.1166286    .2396691
-------------+----------------------------------------------------------------
D_FL         |
        _ce1 |
         L1. |  -.0030348   .0117477    -0.26   0.796    -.0260598    .0199902
             |
        _ce2 |
         L1. |  -.0077516   .0339774    -0.23   0.820    -.0743461     .058843
             |
          AF |
         LD. |  -.0988647   .1419755    -0.70   0.486    -.3771316    .1794023
        L2D. |  -.1058295    .177096    -0.60   0.550    -.4529313    .2412724
        L3D. |   .1384872   .1451114     0.95   0.340     -.145926    .4229004
             |
          GM |
         LD. |   .0300238   .0246492     1.22   0.223    -.0182876    .0783353
        L2D. |  -.0050474   .0221252    -0.23   0.820     -.048412    .0383172
        L3D. |  -.0127119   .0210422    -0.60   0.546    -.0539539      .02853
             |
          MI |
         LD. |   4.35e-07   5.09e-07     0.85   0.393    -5.63e-07    1.43e-06
        L2D. |  -1.68e-06   5.38e-07    -3.12   0.002    -2.73e-06   -6.24e-07
        L3D. |   5.66e-07   5.77e-07     0.98   0.327    -5.65e-07    1.70e-06
             |
          HO |
         LD. |  -.1307252   .0463043    -2.82   0.005    -.2214799   -.0399705
        L2D. |   .0471256   .0430972     1.09   0.274    -.0373432    .1315945
        L3D. |   .0409022   .0337768     1.21   0.226    -.0252991    .1071034
             |
          FL |
         LD. |   .0536636   .3027355     0.18   0.859     -.539687    .6470143
        L2D. |   .3333018   .2706604     1.23   0.218    -.1971828    .8637863
        L3D. |  -.0240968   .1983067    -0.12   0.903    -.4127707    .3645772
             |
       _cons |   .0224208   .0163748     1.37   0.171    -.0096733    .0545148
------------------------------------------------------------------------------

Cointegrating equations

Equation           Parms    chi2     P>chi2
-------------------------------------------
_ce1                  3   122.4388   0.0000
_ce2                  3   257.4337   0.0000
-------------------------------------------

Identification:  beta is exactly identified

                 Johansen normalization restrictions imposed
------------------------------------------------------------------------------
        beta | Coefficient  Std. err.      z    P>|z|     [95% conf. interval]
-------------+----------------------------------------------------------------
_ce1         |
          AF |          1          .        .       .            .           .
          GM |  -4.44e-16          .        .       .            .           .
          MI |   .0000981   .0000129     7.59   0.000     .0000727    .0001234
          HO |    2.62992   .6080372     4.33   0.000     1.438189    3.821651
          FL |  -12.32983   1.421313    -8.67   0.000    -15.11555   -9.544105
       _cons |    173.189          .        .       .            .           .
-------------+----------------------------------------------------------------
_ce2         |
          AF |          0  (omitted)
          GM |          1          .        .       .            .           .
          MI |   -.000022   5.29e-06    -4.15   0.000    -.0000323   -.0000116
          HO |  -.6356281   .2488806    -2.55   0.011    -1.123425    -.147831
          FL |   .3562517   .5817691     0.61   0.540    -.7839948    1.496498
       _cons |  -6.428757          .        .       .            .           .
------------------------------------------------------------------------------

. estimates store VEC_Model

. 
. * Diagnósticos de Residuos VEC
. di ">>> Diagnóstico de Residuos VEC <<<"
>>> Diagnóstico de Residuos VEC <<<

. veclmar, mlag(2)   // Autocorrelación (LM Test)

   Lagrange-multiplier test
  +--------------------------------------+
  | lag  |      chi2    df   Prob > chi2 |
  |------+-------------------------------|
  |   1  |   21.1181    25     0.68601   |
  |   2  |   20.9545    25     0.69514   |
  +--------------------------------------+
   H0: no autocorrelation at lag order

. vecnorm             // Normalidad

   Jarque-Bera test
  +--------------------------------------------------------+
  |           Equation |            chi2   df  Prob > chi2 |
  |--------------------+-----------------------------------|
  |               D_AF |            1.022   2    0.59995   |
  |               D_GM |            0.336   2    0.84552   |
  |               D_MI |           99.557   2    0.00000   |
  |               D_HO |            0.146   2    0.92954   |
  |               D_FL |            0.127   2    0.93859   |
  |                ALL |          101.187  10    0.00000   |
  +--------------------------------------------------------+

   Skewness test
  +--------------------------------------------------------+
  |           Equation | Skewness   chi2   df  Prob > chi2 |
  |--------------------+-----------------------------------|
  |               D_AF | -.28728    0.426   1    0.51376   |
  |               D_GM |   .0371    0.007   1    0.93280   |
  |               D_MI |  2.0334   21.362   1    0.00000   |
  |               D_HO | -.12149    0.076   1    0.78243   |
  |               D_FL | -.12159    0.076   1    0.78226   |
  |                ALL |           21.948   5    0.00054   |
  +--------------------------------------------------------+

   Kurtosis test
  +--------------------------------------------------------+
  |           Equation | Kurtosis   chi2   df  Prob > chi2 |
  |--------------------+-----------------------------------|
  |               D_AF |  3.6789    0.595   1    0.44034   |
  |               D_GM |  2.4957    0.329   1    0.56654   |
  |               D_MI |  10.781   78.194   1    0.00000   |
  |               D_HO |  2.7674    0.070   1    0.79154   |
  |               D_FL |  3.1975    0.050   1    0.82243   |
  |                ALL |           79.239   5    0.00000   |
  +--------------------------------------------------------+

. vecstable, graph    // Estabilidad

   Eigenvalue stability condition
  +----------------------------------------+
  |        Eigenvalue        |   Modulus   |
  |--------------------------+-------------|
  |   .3790189 +  .9270913i  |   1.00158   |
  |   .3790189 -  .9270913i  |   1.00158   |
  |          1               |         1   |
  |          1               |         1   |
  |          1               |         1   |
  |  -.9901893               |   .990189   |
  |   .8130015 +   .488933i  |   .948697   |
  |   .8130015 -   .488933i  |   .948697   |
  |   .8549536 +  .2713704i  |   .896988   |
  |   .8549536 -  .2713704i  |   .896988   |
  |  -.3780291 +  .7372453i  |   .828515   |
  |  -.3780291 -  .7372453i  |   .828515   |
  |  -.6178011 +  .5377296i  |   .819043   |
  |  -.6178011 -  .5377296i  |   .819043   |
  |   .6514884               |   .651488   |
  |   .1780068 +  .6135674i  |   .638867   |
  |   .1780068 -  .6135674i  |   .638867   |
  |  -.6159362 + .08423412i  |   .621669   |
  |  -.6159362 - .08423412i  |   .621669   |
  |  -.1613805               |   .161381   |
  +----------------------------------------+
   The VECM specification imposes 3 unit moduli.

. graph export "assets/vec_stability.png", replace
file assets/vec_stability.png saved as PNG format

. 
. * ----------------------------------------------------------------------------
. * SECCIÓN 3: PRUEBAS DE RAÍZ UNITARIA CON QUIEBRE (@tbl-za)
. * ----------------------------------------------------------------------------
. foreach v in AF GM MI HO FL {
  2.     di as text ">>> Variable (Levels): `v'"
  3.     zandrews `v', break(both) lagmethod(AIC)
  4. }
>>> Variable (Levels): AF

Zivot-Andrews unit root test for  AF

Allowing for break in both intercept and trend

Lag selection via AIC: lags of D.AF included = 2

Minimum t-statistic -2.707 at 2010  (obs 21)

Critical values: 1%: -5.57 5%: -5.08 10%: -4.82
>>> Variable (Levels): GM

Zivot-Andrews unit root test for  GM

Allowing for break in both intercept and trend

Lag selection via AIC: lags of D.GM included = 2

Minimum t-statistic -4.458 at 2008  (obs 19)

Critical values: 1%: -5.57 5%: -5.08 10%: -4.82
>>> Variable (Levels): MI

Zivot-Andrews unit root test for  MI

Allowing for break in both intercept and trend

Lag selection via AIC: lags of D.MI included = 1

Minimum t-statistic -5.665 at 2016  (obs 27)

Critical values: 1%: -5.57 5%: -5.08 10%: -4.82
>>> Variable (Levels): HO

Zivot-Andrews unit root test for  HO

Allowing for break in both intercept and trend

Lag selection via AIC: lags of D.HO included = 2

Minimum t-statistic -3.791 at 1998  (obs 9)

Critical values: 1%: -5.57 5%: -5.08 10%: -4.82
>>> Variable (Levels): FL

Zivot-Andrews unit root test for  FL

Allowing for break in both intercept and trend

Lag selection via AIC: lags of D.FL included = 0

Minimum t-statistic -3.657 at 2009  (obs 20)

Critical values: 1%: -5.57 5%: -5.08 10%: -4.82

. 
. foreach v in AF GM MI HO FL {
  2.     di as text ">>> Variable (Diffs): `v'"
  3.     zandrews d.`v', break(both) lagmethod(AIC)
  4. }
>>> Variable (Diffs): AF

Zivot-Andrews unit root test for  D.AF

Allowing for break in both intercept and trend

Lag selection via AIC: lags of D.D.AF included = 0

Minimum t-statistic -4.578 at 2008  (obs 19)

Critical values: 1%: -5.57 5%: -5.08 10%: -4.82
>>> Variable (Diffs): GM

Zivot-Andrews unit root test for  D.GM

Allowing for break in both intercept and trend

Lag selection via AIC: lags of D.D.GM included = 0

Minimum t-statistic -10.371 at 2011  (obs 22)

Critical values: 1%: -5.57 5%: -5.08 10%: -4.82
>>> Variable (Diffs): MI

Zivot-Andrews unit root test for  D.MI

Allowing for break in both intercept and trend

Lag selection via AIC: lags of D.D.MI included = 1

Minimum t-statistic -9.270 at 2019  (obs 30)

Critical values: 1%: -5.57 5%: -5.08 10%: -4.82
>>> Variable (Diffs): HO

Zivot-Andrews unit root test for  D.HO

Allowing for break in both intercept and trend

Lag selection via AIC: lags of D.D.HO included = 0

Minimum t-statistic -4.308 at 2011  (obs 22)

Critical values: 1%: -5.57 5%: -5.08 10%: -4.82
>>> Variable (Diffs): FL

Zivot-Andrews unit root test for  D.FL

Allowing for break in both intercept and trend

Lag selection via AIC: lags of D.D.FL included = 0

Minimum t-statistic -7.020 at 2015  (obs 26)

Critical values: 1%: -5.57 5%: -5.08 10%: -4.82

. 
. * ----------------------------------------------------------------------------
. * SECCIÓN 4: ESTIMACIÓN ARDL Y MECANISMO DE AJUSTE (@tbl-ardl-sr, @tbl-ardl-lp)
. * ----------------------------------------------------------------------------
. 
. * 4.1 Modelo ARDL Final
. ardl AF GM MI HO FL, maxlags(2) aic ec

ARDL(1,2,2,1,1) regression

Sample:     1992 thru     2024                          Number of obs =     33
                                                        R-squared     = 0.7599
                                                        Adj R-squared = 0.6342
Log likelihood = 78.834303                              Root MSE      = 0.0278

------------------------------------------------------------------------------
        D.AF | Coefficient  Std. err.      t    P>|t|     [95% conf. interval]
-------------+----------------------------------------------------------------
ADJ          |
          AF |
         L1. |   .0042389   .0439148     0.10   0.924    -.0870869    .0955648
-------------+----------------------------------------------------------------
LR           |
          GM |  -24.69876   256.8259    -0.10   0.924    -558.7975       509.4
          MI |  -.0004927   .0050638    -0.10   0.923    -.0110235    .0100381
          HO |  -22.97252   235.2434    -0.10   0.923    -512.1879    466.2428
          FL |   106.0743    1074.17     0.10   0.922    -2127.784    2339.932
-------------+----------------------------------------------------------------
SR           |
          GM |
         D1. |  -.0698798   .0281938    -2.48   0.022     -.128512   -.0112476
         LD. |   -.067228   .0267747    -2.51   0.020    -.1229091   -.0115469
             |
          MI |
         D1. |  -8.55e-07   4.68e-07    -1.83   0.082    -1.83e-06    1.19e-07
         LD. |  -8.35e-07   4.61e-07    -1.81   0.085    -1.79e-06    1.24e-07
             |
          HO |
         D1. |   .0515741   .0372983     1.38   0.181     -.025992    .1291403
             |
          FL |
         D1. |   .7986492   .2553542     3.13   0.005     .2676111    1.329687
             |
       _cons |   6.552837   1.530267     4.28   0.000     3.370474    9.735201
------------------------------------------------------------------------------

. estimates store ARDL_Final

. 
. * 4.2 Estabilidad Estructural (@fig-cusum)
. capture drop r_ardl cumsum

. predict r_ardl, resid
(2 missing values generated)

. gen cumsum = sum(r_ardl)

. line cumsum anio, title("Prueba CUSUM de Estabilidad", size(small)) yline(0, lcolor(red
> )) lcolor(navy) graphregion(color(white)) name(cusum_plot, replace)

. graph export "assets/cusum_plot.png", replace width(2000)
file assets/cusum_plot.png saved as PNG format

. 
. * ----------------------------------------------------------------------------
. * SECCIÓN 5: PRUEBAS DE DIAGNÓSTICO Y ROBUSTEZ (Punto 3 solicitado)
. * ----------------------------------------------------------------------------
. 
. * 5.1 Normalidad de Residuos (basado en OLS para diagnóstico)
. regress AF GM MI HO FL

      Source |       SS           df       MS      Number of obs   =        35
-------------+----------------------------------   F(4, 30)        =    103.34
       Model |  8.43970037         4  2.10992509   Prob > F        =    0.0000
    Residual |  .612527516        30  .020417584   R-squared       =    0.9323
-------------+----------------------------------   Adj R-squared   =    0.9233
       Total |  9.05222789        34  .266241997   Root MSE        =    .14289

------------------------------------------------------------------------------
          AF | Coefficient  Std. err.      t    P>|t|     [95% conf. interval]
-------------+----------------------------------------------------------------
          GM |   .1109337   .0595718     1.86   0.072     -.010728    .2325955
          MI |  -1.54e-06   1.50e-06    -1.02   0.314    -4.60e-06    1.53e-06
          HO |  -.1962016   .0759414    -2.58   0.015    -.3512945   -.0411086
          FL |   2.072239   .1934802    10.71   0.000     1.677099    2.467378
       _cons |   -17.6799   2.881841    -6.13   0.000    -23.56541    -11.7944
------------------------------------------------------------------------------

. capture drop r_ols

. predict r_ols, resid

. sktest r_ols

Skewness and kurtosis tests for normality
                                                         ----- Joint test -----
    Variable |       Obs   Pr(skewness)   Pr(kurtosis)   Adj chi2(2)  Prob>chi2
-------------+-----------------------------------------------------------------
       r_ols |        35         0.3136         0.3733          1.94     0.3792

. 
. * 5.2 Autocorrelación
. estat bgodfrey, lags(1 2)

Breusch–Godfrey LM test for autocorrelation
---------------------------------------------------------------------------
    lags(p)  |          chi2               df                 Prob > chi2
-------------+-------------------------------------------------------------
       1     |         27.967               1                   0.0000
       2     |         28.104               2                   0.0000
---------------------------------------------------------------------------
                        H0: no serial correlation

. 
. * 5.3 Heterocedasticidad (White Test)
. estat imtest, white

White's test
H0: Homoskedasticity
Ha: Unrestricted heteroskedasticity

   chi2(14) =  24.82
Prob > chi2 = 0.0363

Cameron & Trivedi's decomposition of IM-test

--------------------------------------------------
              Source |       chi2     df         p
---------------------+----------------------------
  Heteroskedasticity |      24.82     14    0.0363
            Skewness |       5.45      4    0.2444
            Kurtosis |       1.54      1    0.2145
---------------------+----------------------------
               Total |      31.81     19    0.0328
--------------------------------------------------

. 
. * 5.4 Especificación (Ramsey RESET)
. estat ovtest

Ramsey RESET test for omitted variables
Omitted: Powers of fitted values of AF

H0: Model has no omitted variables

F(3, 27) =  24.20
Prob > F = 0.0000

. 
. * 5.5 Prueba Complementaria KRLS (Kernel-based Regularized Least Squares)
. di _newline(2) ">>> PRUEBA ALTERNATIVA: KRLS (Non-linear effects) <<<"


>>> PRUEBA ALTERNATIVA: KRLS (Non-linear effects) <<<

. krls AF GM MI HO FL
Iteration =  1, Looloss: 11.05911  
Iteration =  2, Looloss: 9.089249  
Iteration =  3, Looloss: 7.139329  
Iteration =  4, Looloss: 5.405305  
Iteration =  5, Looloss: 3.99214   
Iteration =  6, Looloss: 2.909876  
Iteration =  7, Looloss: 2.114922  
Iteration =  8, Looloss: 1.548453  
Iteration =  9, Looloss: 1.155697  
Iteration = 10, Looloss: .8911496  
Iteration = 11, Looloss: .718313   
Iteration = 12, Looloss: .6087022  
Iteration = 13, Looloss: .5409528  
Iteration = 14, Looloss: .4998369  

Pointwise Derivatives                            Number of obs =       35 
                                                 Lambda        =   .06266 
                                                 Tolerance     =     .035 
                                                 Sigma         =        4 
                                                 Eff. df       =     15.8 
                                                 R2            =    .9943 
                                                 Looloss       =    .4603

 AF |      Avg.       SE        t    P>|t|        P25       P50       P75       
----+--------------------------------------------------------------------
 GM |  .144864   .022722    6.376    0.000   -.032161   .086433   .332172  
 MI | -2.1e-06   5.8e-07   -3.517    0.001   -5.2e-06  -1.7e-06   1.1e-06  
 HO |  -.13144   .035214   -3.733    0.001   -.417541  -.088368   .093076  
 FL |  1.20744    .06709   17.997    0.000    .635226   1.19577   1.83961  
----+--------------------------------------------------------------------


. 
. * ----------------------------------------------------------------------------
. * 6. FINALIZACIÓN
. * ----------------------------------------------------------------------------
. log close
      name:  <unnamed>
       log:  Z:\home\erick-fcs\Documentos\universidad\07_Ciclo\septimo_ciclo\applied_econ
> ometrics_2026\docs\vaults\u1-aa-01-applied-econometrics\ape2-crisis-iess\analysis_erick
> _condoy\logs/master_econometric_pipeline.log
  log type:  text
 closed on:  28 May 2026, 20:47:10
-----------------------------------------------------------------------------------------
