-----------------------------------------------------------------------------------------
      name:  <unnamed>
       log:  Z:\home\erick-fcs\Documentos\universidad\07_Ciclo\septimo_ciclo\applied_econ
> ometrics_2026\docs\vaults\u1-aa-01-applied-econometrics\ape2-crisis-iess\analysis_erick
> _condoy\logs/Figure_problem.log
  log type:  text
 opened on:  18 May 2026, 10:31:22

. 
. di as text "{hline}"
-----------------------------------------------------------------------------------------

. di as res "INICIANDO PROCESAMIENTO: RADIOGRAFÍA DE LA CRISIS DEL IESS"
INICIANDO PROCESAMIENTO: RADIOGRAFÍA DE LA CRISIS DEL IESS

. di as text "{hline}"
-----------------------------------------------------------------------------------------

. 
. * 2. Ingesta de Datos (Idempotente)
. local dta_file "data/base_analisis.dta"

. local csv_file "data/base_analisis.csv"

. 
. capture use "`dta_file'", clear

. if _rc {
.     di ">>> Base .dta no encontrada. Intentando importar desde .csv..."
.     capture import delimited "`csv_file'", clear
.     if _rc {
.         di ">>> ERROR CRÍTICO: No se encontró ni .dta ni .csv en data/."
.         exit 199
.     }
.     save "`dta_file'", replace
.     di ">>> Base convertida y guardada en formato .dta."
. }

. 
. * Declarar estructura de serie de tiempo
. tsset anio

Time variable: anio, 1990 to 2024
        Delta: 1 unit

. 
. * 3. Construcción y Etiquetado de Indicadores Clave
. * Tasa de Cobertura Previsional (Ratio de soporte alternativo según Diamond, 1965)
. gen cobertura = (afiliados_iess / fuerza_laboral) * 100

. label variable cobertura "Tasa de Cobertura Previsional (%)"

. 
. * Migración Neta escalada a miles para mejorar la legibilidad visual
. gen migracion_miles = migracion_neta / 1000

. label variable migracion_miles "Migración Neta (Miles de personas)"

. 
. * Logaritmo de la tasa de homicidios
. gen ln_homicidios = ln(tasa_homicidios)

. label variable ln_homicidios "Log Tasa Homicidios"

. 
. * Crecimiento anual de afiliados
. gen growth_afiliados = (afiliados_iess - L.afiliados_iess) / L.afiliados_iess * 100
(1 missing value generated)

. label variable growth_afiliados "Crecimiento Anual de Afiliados (%)"

. 
. * 4. Auditoría Analítica en el Log (Evidencia Reproducible)
. di _newline(1) as res ">>> ANÁLISIS DE CORRELACIÓN Y REGRESIÓN BÁSICA <<<"

>>> ANÁLISIS DE CORRELACIÓN Y REGRESIÓN BÁSICA <<<

. di as text "{hline}"
-----------------------------------------------------------------------------------------

. correlate cobertura tasa_homicidios gasto_militar_pib migracion_miles
(obs=35)

             | cobert~a tasa_h~s gasto_~b migrac~s
-------------+------------------------------------
   cobertura |   1.0000
tasa_homic~s |   0.1035   1.0000
gasto_mili~b |   0.6511   0.1198   1.0000
migracion_~s |   0.6319  -0.2563   0.4622   1.0000


. 
. di _newline(1) as res ">>> ESTIMACIÓN DE ASOCIACIONES (MCO de Referencia) <<<"

>>> ESTIMACIÓN DE ASOCIACIONES (MCO de Referencia) <<<

. di as text "{hline}"
-----------------------------------------------------------------------------------------

. regress cobertura tasa_homicidios gasto_militar_pib migracion_miles

      Source |       SS           df       MS      Number of obs   =        35
-------------+----------------------------------   F(3, 31)        =     14.97
       Model |  1997.80385         3  665.934615   Prob > F        =    0.0000
    Residual |  1378.74074        31  44.4755076   R-squared       =    0.5917
-------------+----------------------------------   Adj R-squared   =    0.5522
       Total |  3376.54458        34  99.3101347   Root MSE        =     6.669

-----------------------------------------------------------------------------------
        cobertura | Coefficient  Std. err.      t    P>|t|     [95% conf. interval]
------------------+----------------------------------------------------------------
  tasa_homicidios |    .200497   .1363747     1.47   0.152     -.077641    .4786349
gasto_militar_pib |    7.19677   2.414802     2.98   0.006     2.271748    12.12179
  migracion_miles |   .1549845   .0435137     3.56   0.001     .0662377    .2437313
            _cons |   16.85206   5.467211     3.08   0.004     5.701613    28.00252
-----------------------------------------------------------------------------------

. 
. * 5. Diseño de Gráficos Individuales (Estilo Premium y Limpio)
. * Configurar esquema básico
. set scheme s1color

. 
. * Opciones generales de estilo (Se utiliza 'tiny' para optimizar la fusión de paneles)
. local main_opts "xtitle("Año", size(tiny)) xlabel(1990(5)2024, labsize(tiny)) graphregi
> on(color(white)) plotregion(color(white))"

. 
. * ----------------------------------------------------------------------------
. * GRÁFICO 1: Canal de Inestabilidad Social (Homicidios vs. Cobertura)
. * ----------------------------------------------------------------------------
. twoway (line cobertura anio, lcolor(navy) lwidth(thick) yaxis(1)) ///
>        (line tasa_homicidios anio, lcolor(cranberry) lwidth(thick) lpattern(dash) yaxis
> (2)), ///
>        title("A. Canal de Inestabilidad Social", size(small) color(black) margin(bottom
> )) ///
>        subtitle("Divergencia entre Cobertura IESS y Ola de Violencia (1990-2024)", size
> (tiny) color(gs8) margin(bottom)) ///
>        ytitle("Cobertura Previsional (%)", axis(1) size(tiny) color(navy)) ///
>        ytitle("Tasa de Homicidios (por 100k hab)", axis(2) size(tiny) color(cranberry))
>  ///
>        ylabel(20(5)50, axis(1) labsize(tiny) grid glcolor(gs15) glwidth(thin) glpattern
> (solid)) ///
>        ylabel(0(10)50, axis(2) labsize(tiny)) ///
>        legend(order(1 "Cobertura (%)" 2 "Homicidios (por 100k)") size(tiny) pos(6) cols
> (2) ring(1)) ///
>        `main_opts' name(g_social, replace)

. 
. * ----------------------------------------------------------------------------
. * GRÁFICO 2: Canal de Prioridad Fiscal (Gasto Militar vs. Cobertura)
. * ----------------------------------------------------------------------------
. twoway (line cobertura anio, lcolor(navy) lwidth(thick) yaxis(1)) ///
>        (line gasto_militar_pib anio, lcolor(sand) lwidth(thick) lpattern(dash_dot) yaxi
> s(2)), ///
>        title("B. Canal de Prioridad Fiscal (Crowding-out)", size(small) color(black) ma
> rgin(bottom)) ///
>        subtitle("Competencia de Recursos entre Defensa y Seguridad Social (1990-2024)",
>  size(tiny) color(gs8) margin(bottom)) ///
>        ytitle("Cobertura Previsional (%)", axis(1) size(tiny) color(navy)) ///
>        ytitle("Gasto Militar (% del PIB)", axis(2) size(tiny) color(sand)) ///
>        ylabel(20(5)50, axis(1) labsize(tiny) grid glcolor(gs15) glwidth(thin) glpattern
> (solid)) ///
>        ylabel(1(0.5)3.5, axis(2) labsize(tiny)) ///
>        legend(order(1 "Cobertura (%)" 2 "Gasto Militar (% PIB)") size(tiny) pos(6) cols
> (2) ring(1)) ///
>        `main_opts' name(g_fiscal, replace)

. 
. * ----------------------------------------------------------------------------
. * GRÁFICO 3: Canal de Drenaje Demográfico (Migración vs. Cobertura)
. * ----------------------------------------------------------------------------
. twoway (line cobertura anio, lcolor(navy) lwidth(thick) yaxis(1)) ///
>        (bar migracion_miles anio, color(teal) barwidth(0.6) yaxis(2)), ///
>        title("C. Canal de Drenaje Demográfico", size(small) color(black) margin(bottom)
> ) ///
>        subtitle("Impacto de la Emigración en el Soporte del Sistema (1990-2024)", size(
> tiny) color(gs8) margin(bottom)) ///
>        ytitle("Cobertura Previsional (%)", axis(1) size(tiny) color(navy)) ///
>        ytitle("Migración Neta (Miles de personas)", axis(2) size(tiny) color(teal)) ///
>        ylabel(20(5)50, axis(1) labsize(tiny) grid glcolor(gs15) glwidth(thin) glpattern
> (solid)) ///
>        ylabel(-60(20)100, axis(2) labsize(tiny)) ///
>        legend(order(1 "Cobertura (%)" 2 "Migración Neta (Miles)") size(tiny) pos(6) col
> s(2) ring(1)) ///
>        `main_opts' name(g_demog, replace)

. 
. * ----------------------------------------------------------------------------
. * GRÁFICO 4: Trayectoria Dinámica (Radiografía del Colapso Previsional)
. * ----------------------------------------------------------------------------
. * Etiquetas limpias para no saturar el gráfico
. gen label_year = ""
(35 missing values generated)

. replace label_year = string(anio) if inlist(anio, 1990, 1995, 2000, 2008, 2015, 2020, 2
> 024)
variable label_year was str1 now str4
(7 real changes made)

. 
. * Posicionamiento preciso del reloj para evitar solapamientos
. gen mlab_pos = 12

. replace mlab_pos = 9  if anio == 1990
(1 real change made)

. replace mlab_pos = 3  if anio == 1995
(1 real change made)

. replace mlab_pos = 9  if anio == 2000
(1 real change made)

. replace mlab_pos = 12 if anio == 2008
(0 real changes made)

. replace mlab_pos = 9  if anio == 2015
(1 real change made)

. replace mlab_pos = 6  if anio == 2020
(1 real change made)

. replace mlab_pos = 3  if anio == 2024
(1 real change made)

. 
. twoway (connected cobertura tasa_homicidios, lcolor(navy) lwidth(thin) mcolor(navy) msi
> ze(medium) mlabel(label_year) mlabvpos(mlab_pos) mlabsize(tiny)), ///
>        title("D. Radiografía Dinámica del Colapso", size(small) color(black) margin(bot
> tom)) ///
>        subtitle("Trayectoria Temporal: Cobertura vs. Tasa de Homicidios (1990-2024)", s
> ize(tiny) color(gs8) margin(bottom)) ///
>        xtitle("Tasa de Homicidios (por 100,000 hab)", size(tiny)) ///
>        ytitle("Cobertura Previsional (%)", size(tiny)) ///
>        ylabel(20(5)50, labsize(tiny) grid glcolor(gs15) glwidth(thin) glpattern(solid))
>  ///
>        xlabel(0(10)50, labsize(tiny)) ///
>        legend(off) ///
>        note("Nota: Se etiquetan hitos e hitos de quiebres estructurales detectados.", s
> ize(tiny) color(gs10)) ///
>        graphregion(color(white)) plotregion(color(white)) name(g_trajectory, replace)

. 
. * ----------------------------------------------------------------------------
. * 6. Fusión y Exportación del Gráfico Multipanel
. * ----------------------------------------------------------------------------
. di _newline(1) ">>> FUSIONANDO PANELES Y EXPORTANDO FIGURA..."

>>> FUSIONANDO PANELES Y EXPORTANDO FIGURA...

. 
. graph combine g_social g_fiscal g_demog g_trajectory, ///
>               cols(2) rows(2) iscale(0.70) ///
>               title("Radiografía de la Sostenibilidad del IESS en el Ecuador (1990-2024
> )", size(small) color(black)) ///
>               subtitle("Interacción Dinámica de Canales Fiscales, Demográficos e Instit
> ucionales", size(vsmall) color(gs8)) ///
>               note("Fuente: Dirección Actuarial del IESS, Banco Mundial (WDI). Elaborac
> ión propia.", size(tiny) color(gs10)) ///
>               graphregion(color(white))

. 
. graph export "assets/fig-radiografia-problema.png", replace width(3200)
file assets/fig-radiografia-problema.png saved as PNG format

. 
. * Limpieza de memoria gráfica
. graph close g_social g_fiscal g_demog g_trajectory

. 
. di as text "{hline}"
-----------------------------------------------------------------------------------------

. di as res "PROCESAMIENTO DE RADIOGRAFÍA DE LA CRISIS FINALIZADO CON ÉXITO."
PROCESAMIENTO DE RADIOGRAFÍA DE LA CRISIS FINALIZADO CON ÉXITO.

. di as text "La figura ha sido guardada en: assets/fig-radiografia-problema.png"
La figura ha sido guardada en: assets/fig-radiografia-problema.png

. di as text "{hline}"
-----------------------------------------------------------------------------------------

. 
. log close
      name:  <unnamed>
       log:  Z:\home\erick-fcs\Documentos\universidad\07_Ciclo\septimo_ciclo\applied_econ
> ometrics_2026\docs\vaults\u1-aa-01-applied-econometrics\ape2-crisis-iess\analysis_erick
> _condoy\logs/Figure_problem.log
  log type:  text
 closed on:  18 May 2026, 10:31:42
-----------------------------------------------------------------------------------------
