-----------------------------------------------------------------------------------------
      name:  <unnamed>
       log:  Z:\home\erick-fcs\Documentos\universidad\07_Ciclo\septimo_ciclo\applied_econ
> ometrics_2026\docs\vaults\u1-aa-01-applied-econometrics\ape2-crisis-iess\analysis_erick
> _condoy\logs/replicate_analysis_robust.log
  log type:  text
 opened on:   7 May 2026, 15:43:55

. 
. * 2. Cargar Datos
. import delimited "data/base_analisis.csv", clear 
(encoding automatically selected: ISO-8859-1)
(8 vars, 35 obs)

. 
. * 3. Configuración de Series de Tiempo (CRUCIAL para ZA y ADF)
. tsset anio

Time variable: anio, 1990 to 2024
        Delta: 1 unit

. 
. * 4. Generación de Variables (Log-Transformaciones)
. capture drop AF DE MI HO GM RN

. gen AF = ln(afiliados_iess)

. gen DE = ln(tasa_dependencia_vejez)

. gen MI = migracion_neta

. gen HO = ln(tasa_homicidios)

. gen GM = ln(gasto_militar_pib)

. gen RN = ln(rentas_recursos_naturales_pib)

. 
. * Etiquetado profesional
. label variable AF "Log Afiliados IESS"

. label variable DE "Log Tasa Dependencia Vejez"

. label variable MI "Migración Neta"

. label variable HO "Log Tasa Homicidios"

. label variable GM "Log Gasto Militar (% PIB)"

. label variable RN "Log Rentas Nat. (% PIB)"

. 
. * 5. TRIPLE VALIDACIÓN DE RAÍZ UNITARIA (Robustez)
. * ----------------------------------------------------------------------------
. di as text "{hline}"
-----------------------------------------------------------------------------------------

. di as res "PASO 5: TRIPLE VALIDACIÓN DE ESTACIONARIEDAD"
PASO 5: TRIPLE VALIDACIÓN DE ESTACIONARIEDAD

. di as text "{hline}"
-----------------------------------------------------------------------------------------

. 
. foreach v in AF DE MI HO GM RN {
  2.     di as text ">>> Analizando variable: `v'"
  3.     
.     * A. ADF (Dickey-Fuller Aumentada)
.     dfuller `v', trend lags(1)
  4.     
.     * B. PP (Phillips-Perron)
.     pperron `v', trend
  5.     
.     * C. ZA (Zivot-Andrews con Quiebre Estructural)
.     zandrews `v', break(both) lagmethod(AIC)
  6. }
>>> Analizando variable: AF

Augmented Dickey–Fuller test for unit root

Variable: AF                               Number of obs  = 33
                                           Number of lags =  1

H0: Random walk with or without drift

                                       Dickey–Fuller
                   Test      -------- critical value ---------
              statistic           1%           5%          10%
--------------------------------------------------------------
 Z(t)            -1.529       -4.306       -3.568       -3.221
--------------------------------------------------------------
MacKinnon approximate p-value for Z(t) = 0.8190.

Phillips–Perron test for unit root        Number of obs   = 34
Variable: AF                              Newey–West lags =  3

H0: Random walk with or without drift

                                       Dickey–Fuller
                   Test      -------- critical value ---------
              statistic           1%           5%          10%
--------------------------------------------------------------
 Z(rho)          -4.621      -23.652      -18.584      -16.032
 Z(t)            -1.367       -4.297       -3.564       -3.218
--------------------------------------------------------------
MacKinnon approximate p-value for Z(t) = 0.8704.

Zivot-Andrews unit root test for  AF

Allowing for break in both intercept and trend

Lag selection via AIC: lags of D.AF included = 2

Minimum t-statistic -2.707 at 2010  (obs 21)

Critical values: 1%: -5.57 5%: -5.08 10%: -4.82
>>> Analizando variable: DE

Augmented Dickey–Fuller test for unit root

Variable: DE                               Number of obs  = 33
                                           Number of lags =  1

H0: Random walk with or without drift

                                       Dickey–Fuller
                   Test      -------- critical value ---------
              statistic           1%           5%          10%
--------------------------------------------------------------
 Z(t)            -2.520       -4.306       -3.568       -3.221
--------------------------------------------------------------
MacKinnon approximate p-value for Z(t) = 0.3182.

Phillips–Perron test for unit root        Number of obs   = 34
Variable: DE                              Newey–West lags =  3

H0: Random walk with or without drift

                                       Dickey–Fuller
                   Test      -------- critical value ---------
              statistic           1%           5%          10%
--------------------------------------------------------------
 Z(rho)          -5.634      -23.652      -18.584      -16.032
 Z(t)            -1.553       -4.297       -3.564       -3.218
--------------------------------------------------------------
MacKinnon approximate p-value for Z(t) = 0.8103.

Zivot-Andrews unit root test for  DE

Allowing for break in both intercept and trend

Lag selection via AIC: lags of D.DE included = 2

Minimum t-statistic -2.670 at 2014  (obs 25)

Critical values: 1%: -5.57 5%: -5.08 10%: -4.82
>>> Analizando variable: MI

Augmented Dickey–Fuller test for unit root

Variable: MI                               Number of obs  = 33
                                           Number of lags =  1

H0: Random walk with or without drift

                                       Dickey–Fuller
                   Test      -------- critical value ---------
              statistic           1%           5%          10%
--------------------------------------------------------------
 Z(t)            -3.269       -4.306       -3.568       -3.221
--------------------------------------------------------------
MacKinnon approximate p-value for Z(t) = 0.0715.

Phillips–Perron test for unit root        Number of obs   = 34
Variable: MI                              Newey–West lags =  3

H0: Random walk with or without drift

                                       Dickey–Fuller
                   Test      -------- critical value ---------
              statistic           1%           5%          10%
--------------------------------------------------------------
 Z(rho)         -10.526      -23.652      -18.584      -16.032
 Z(t)            -2.220       -4.297       -3.564       -3.218
--------------------------------------------------------------
MacKinnon approximate p-value for Z(t) = 0.4785.

Zivot-Andrews unit root test for  MI

Allowing for break in both intercept and trend

Lag selection via AIC: lags of D.MI included = 1

Minimum t-statistic -5.665 at 2016  (obs 27)

Critical values: 1%: -5.57 5%: -5.08 10%: -4.82
>>> Analizando variable: HO

Augmented Dickey–Fuller test for unit root

Variable: HO                               Number of obs  = 33
                                           Number of lags =  1

H0: Random walk with or without drift

                                       Dickey–Fuller
                   Test      -------- critical value ---------
              statistic           1%           5%          10%
--------------------------------------------------------------
 Z(t)            -2.264       -4.306       -3.568       -3.221
--------------------------------------------------------------
MacKinnon approximate p-value for Z(t) = 0.4542.

Phillips–Perron test for unit root        Number of obs   = 34
Variable: HO                              Newey–West lags =  3

H0: Random walk with or without drift

                                       Dickey–Fuller
                   Test      -------- critical value ---------
              statistic           1%           5%          10%
--------------------------------------------------------------
 Z(rho)          -4.755      -23.652      -18.584      -16.032
 Z(t)            -1.154       -4.297       -3.564       -3.218
--------------------------------------------------------------
MacKinnon approximate p-value for Z(t) = 0.9195.

Zivot-Andrews unit root test for  HO

Allowing for break in both intercept and trend

Lag selection via AIC: lags of D.HO included = 2

Minimum t-statistic -3.791 at 1998  (obs 9)

Critical values: 1%: -5.57 5%: -5.08 10%: -4.82
>>> Analizando variable: GM

Augmented Dickey–Fuller test for unit root

Variable: GM                               Number of obs  = 33
                                           Number of lags =  1

H0: Random walk with or without drift

                                       Dickey–Fuller
                   Test      -------- critical value ---------
              statistic           1%           5%          10%
--------------------------------------------------------------
 Z(t)            -1.040       -4.306       -3.568       -3.221
--------------------------------------------------------------
MacKinnon approximate p-value for Z(t) = 0.9386.

Phillips–Perron test for unit root        Number of obs   = 34
Variable: GM                              Newey–West lags =  3

H0: Random walk with or without drift

                                       Dickey–Fuller
                   Test      -------- critical value ---------
              statistic           1%           5%          10%
--------------------------------------------------------------
 Z(rho)          -7.123      -23.652      -18.584      -16.032
 Z(t)            -1.798       -4.297       -3.564       -3.218
--------------------------------------------------------------
MacKinnon approximate p-value for Z(t) = 0.7058.

Zivot-Andrews unit root test for  GM

Allowing for break in both intercept and trend

Lag selection via AIC: lags of D.GM included = 1

Minimum t-statistic -3.619 at 2008  (obs 19)

Critical values: 1%: -5.57 5%: -5.08 10%: -4.82
>>> Analizando variable: RN

Augmented Dickey–Fuller test for unit root

Variable: RN                               Number of obs  = 33
                                           Number of lags =  1

H0: Random walk with or without drift

                                       Dickey–Fuller
                   Test      -------- critical value ---------
              statistic           1%           5%          10%
--------------------------------------------------------------
 Z(t)            -2.622       -4.306       -3.568       -3.221
--------------------------------------------------------------
MacKinnon approximate p-value for Z(t) = 0.2698.

Phillips–Perron test for unit root        Number of obs   = 34
Variable: RN                              Newey–West lags =  3

H0: Random walk with or without drift

                                       Dickey–Fuller
                   Test      -------- critical value ---------
              statistic           1%           5%          10%
--------------------------------------------------------------
 Z(rho)         -12.279      -23.652      -18.584      -16.032
 Z(t)            -2.645       -4.297       -3.564       -3.218
--------------------------------------------------------------
MacKinnon approximate p-value for Z(t) = 0.2597.

Zivot-Andrews unit root test for  RN

Allowing for break in both intercept and trend

Lag selection via AIC: lags of D.RN included = 0

Minimum t-statistic -5.433 at 2015  (obs 26)

Critical values: 1%: -5.57 5%: -5.08 10%: -4.82

. 
. * 6. ESTIMACIÓN DE MODELOS JERÁRQUICOS (Controles Progresivos)
. * ----------------------------------------------------------------------------
. di as text "{hline}"
-----------------------------------------------------------------------------------------

. di as res "PASO 6: ESTIMACIÓN DE MODELOS JERÁRQUICOS"
PASO 6: ESTIMACIÓN DE MODELOS JERÁRQUICOS

. di as text "{hline}"
-----------------------------------------------------------------------------------------

. 
. * Modelo 1: Base (Demografía y Movilidad)
. regress AF DE MI

      Source |       SS           df       MS      Number of obs   =        35
-------------+----------------------------------   F(2, 32)        =    275.71
       Model |  8.55571549         2  4.27785775   Prob > F        =    0.0000
    Residual |  .496512395        32  .015516012   R-squared       =    0.9452
-------------+----------------------------------   Adj R-squared   =    0.9417
       Total |  9.05222789        34  .266241997   Root MSE        =    .12456

------------------------------------------------------------------------------
          AF | Coefficient  Std. err.      t    P>|t|     [95% conf. interval]
-------------+----------------------------------------------------------------
          DE |   2.346777   .1355483    17.31   0.000     2.070674     2.62288
          MI |   2.20e-06   8.34e-07     2.64   0.013     5.06e-07    3.90e-06
       _cons |   9.402486   .3035266    30.98   0.000     8.784223    10.02075
------------------------------------------------------------------------------

. estimates store Modelo_Base

. 
. * Modelo 2: Incorporando Factor Social (Seguridad)
. regress AF DE MI HO

      Source |       SS           df       MS      Number of obs   =        35
-------------+----------------------------------   F(3, 31)        =    231.87
       Model |  8.66602122         3  2.88867374   Prob > F        =    0.0000
    Residual |  .386206665        31   .01245828   R-squared       =    0.9573
-------------+----------------------------------   Adj R-squared   =    0.9532
       Total |  9.05222789        34  .266241997   Root MSE        =    .11162

------------------------------------------------------------------------------
          AF | Coefficient  Std. err.      t    P>|t|     [95% conf. interval]
-------------+----------------------------------------------------------------
          DE |   2.653537   .1593131    16.66   0.000     2.328616    2.978459
          MI |  -1.09e-07   1.08e-06    -0.10   0.920    -2.31e-06    2.09e-06
          HO |  -.1708869     .05743    -2.98   0.006    -.2880161   -.0537577
       _cons |   9.132199   .2867469    31.85   0.000     8.547375    9.717023
------------------------------------------------------------------------------

. estimates store Modelo_Social

. 
. * Modelo 3: Modelo Robusto Completo (Todos los Controles)
. regress AF DE MI HO GM RN

      Source |       SS           df       MS      Number of obs   =        35
-------------+----------------------------------   F(5, 29)        =    152.60
       Model |  8.72077085         5  1.74415417   Prob > F        =    0.0000
    Residual |  .331457034        29  .011429553   R-squared       =    0.9634
-------------+----------------------------------   Adj R-squared   =    0.9571
       Total |  9.05222789        34  .266241997   Root MSE        =    .10691

------------------------------------------------------------------------------
          AF | Coefficient  Std. err.      t    P>|t|     [95% conf. interval]
-------------+----------------------------------------------------------------
          DE |   2.544946   .2128695    11.96   0.000     2.109579    2.980314
          MI |  -6.25e-07   1.11e-06    -0.56   0.578    -2.90e-06    1.65e-06
          HO |  -.1979815   .0647092    -3.06   0.005    -.3303267   -.0656363
          GM |   .1894314   .1067314     1.77   0.086    -.0288588    .4077217
          RN |   .0194074   .0517417     0.38   0.710    -.0864161     .125231
       _cons |   9.247234    .405328    22.81   0.000     8.418245    10.07622
------------------------------------------------------------------------------

. estimates store Modelo_Robusto

. 
. * 7. COMPARACIÓN DE MODELOS
. * ----------------------------------------------------------------------------
. di as text ">>> RESUMEN DE MODELOS ESTIMADOS:"
>>> RESUMEN DE MODELOS ESTIMADOS:

. estimates table Modelo_Base Modelo_Social Modelo_Robusto, b(%9.4f) star(0.1 0.05 0.01) 
> stats(N r2 r2_a f)

-----------------------------------------------------------
    Variable | Modelo_Base    Modelo_Soc~l   Modelo_Rob~o  
-------------+---------------------------------------------
          DE |    2.3468***      2.6535***      2.5449***  
          MI |    0.0000**      -0.0000        -0.0000     
          HO |                  -0.1709***     -0.1980***  
          GM |                                  0.1894*    
          RN |                                  0.0194     
       _cons |    9.4025***      9.1322***      9.2472***  
-------------+---------------------------------------------
           N |        35             35             35     
          r2 |    0.9452         0.9573         0.9634     
        r2_a |    0.9417         0.9532         0.9571     
           f |                                             
-----------------------------------------------------------
                        Legend: * p<.1; ** p<.05; *** p<.01

. 
. * 8. DIAGNÓSTICO FINAL (VIF sobre el modelo robusto)
. estimates restore Modelo_Robusto
(results Modelo_Robusto are active now)

. vif

    Variable |       VIF       1/VIF  
-------------+----------------------
          DE |      5.12    0.195317
          MI |      3.69    0.270688
          HO |      3.00    0.333309
          GM |      2.48    0.403483
          RN |      1.80    0.556564
-------------+----------------------
    Mean VIF |      3.22

. 
. * 9. CIERRE
. log close
      name:  <unnamed>
       log:  Z:\home\erick-fcs\Documentos\universidad\07_Ciclo\septimo_ciclo\applied_econ
> ometrics_2026\docs\vaults\u1-aa-01-applied-econometrics\ape2-crisis-iess\analysis_erick
> _condoy\logs/replicate_analysis_robust.log
  log type:  text
 closed on:   7 May 2026, 15:43:59
-----------------------------------------------------------------------------------------
